23:43:21 **** Incremental Build of configuration Debug for project barami_game_vitis ****
make all 
make --no-print-directory pre-build
a9-linaro-pre-build-step
' '
make --no-print-directory main-build
'Building file: ../src/helloworld.c'
'Invoking: ARM v7 gcc compiler'
arm-none-eabi-gcc -Wall -O0 -g3 -c -fmessage-length=0 -MT"src/helloworld.o" -mcpu=cortex-a9 -mfpu=vfpv3 -mfloat-abi=hard -IC:/Users/Jeyun/Desktop/fpga/barami_project-2023/barami_game/barami_game/design_1_wrapper/export/design_1_wrapper/sw/design_1_wrapper/standalone_ps7_cortexa9_0/bspinclude/include -MMD -MP -MF"src/helloworld.d" -MT"src/helloworld.o" -o "src/helloworld.o" "../src/helloworld.c"
'Finished building: ../src/helloworld.c'
' '
'Building target: barami_game_vitis.elf'
'Invoking: ARM v7 gcc linker'
arm-none-eabi-gcc -mcpu=cortex-a9 -mfpu=vfpv3 -mfloat-abi=hard -Wl,-build-id=none -specs=Xilinx.spec -Wl,-T -Wl,../src/lscript.ld -LC:/Users/Jeyun/Desktop/fpga/barami_project-2023/barami_game/barami_game/design_1_wrapper/export/design_1_wrapper/sw/design_1_wrapper/standalone_ps7_cortexa9_0/bsplib/lib -o "barami_game_vitis.elf"  ./src/helloworld.o ./src/platform.o  ./.metadata/.plugins/org.eclipse.cdt.make.core/specs.o   -lm -Wl,--start-group,-lxil,-lgcc,-lc,--end-group
'Finished building target: barami_game_vitis.elf'
' '
'Invoking: ARM v7 Print Size'
arm-none-eabi-size barami_game_vitis.elf  |tee "barami_game_vitis.elf.size"
   text	   data	    bss	    dec	    hex	filename
  23685	   1176	  22584	  47445	   b955	barami_game_vitis.elf
'Finished building: barami_game_vitis.elf.size'
' '

23:43:22 Build Finished (took 994ms)

