22:21:52 **** Incremental Build of configuration Debug for project barami_game ****
make all 
make --no-print-directory pre-build
a9-linaro-pre-build-step
' '
make --no-print-directory main-build
'Building file: ../src/helloworld.c'
'Invoking: ARM v7 gcc compiler'
arm-none-eabi-gcc -Wall -O0 -g3 -c -fmessage-length=0 -MT"src/helloworld.o" -mcpu=cortex-a9 -mfpu=vfpv3 -mfloat-abi=hard -IC:/Users/Jeyun/Desktop/fpga/barami_project-2023/barami_game/barami_game/newvitis/design_1_wrapper/export/design_1_wrapper/sw/design_1_wrapper/standalone_ps7_cortexa9_0/bspinclude/include -MMD -MP -MF"src/helloworld.d" -MT"src/helloworld.o" -o "src/helloworld.o" "../src/helloworld.c"
'Finished building: ../src/helloworld.c'
' '
'Building target: barami_game.elf'
'Invoking: ARM v7 gcc linker'
arm-none-eabi-gcc -mcpu=cortex-a9 -mfpu=vfpv3 -mfloat-abi=hard -Wl,-build-id=none -specs=Xilinx.spec -Wl,-T -Wl,../src/lscript.ld -LC:/Users/Jeyun/Desktop/fpga/barami_project-2023/barami_game/barami_game/newvitis/design_1_wrapper/export/design_1_wrapper/sw/design_1_wrapper/standalone_ps7_cortexa9_0/bsplib/lib -o "barami_game.elf"  ./src/helloworld.o ./src/platform.o   -lm -Wl,--start-group,-lxil,-lgcc,-lc,--end-group
'Finished building target: barami_game.elf'
' '
'Invoking: ARM v7 Print Size'
arm-none-eabi-size barami_game.elf  |tee "barami_game.elf.size"
   text	   data	    bss	    dec	    hex	filename
  37773	   1208	4022584	4061565	 3df97d	barami_game.elf
'Finished building: barami_game.elf.size'
' '

22:21:53 Build Finished (took 927ms)

